Starting a Gradle Daemon (subsequent builds will be faster)
Calculating task graph as no cached configuration is available for tasks: build
> Task :jarJar NO-SOURCE
> Task :processTestResources NO-SOURCE
> Task :generateModMetadata
> Task :processResources

> Task :createMinecraftArtifacts
Loaded 129 artifacts from /home/runner/work/rubymod-poc/rubymod-poc/build/tmp/createMinecraftArtifacts/nfrt_artifact_manifest.properties
[1m*** Started working on [4mdownloadJson[0m[0m
 [1m[92m✓[0m Completed [4mdownloadJson[0m in 0.02s
[1m*** Started working on [4mdownloadClientMappings[0m[0m
[1m*** Started working on [4mdownloadClient[0m[0m
[1m*** Started working on [4mdownloadServer[0m[0m
[1m*** Started working on [4mlistLibraries[0m[0m
 [1m[92m♻[0m Used cache of [4mlistLibraries[0m in 0.00s
 [1m[92m✓[0m Completed [4mdownloadServer[0m in 0.04s
 [1m[92m✓[0m Completed [4mdownloadClient[0m in 0.04s
 [1m[92m✓[0m Completed [4mdownloadClientMappings[0m in 0.04s
[1m*** Started working on [4mmergeMappings[0m[0m
 [1m[92m♻[0m Used cache of [4mmergeMappings[0m in 0.00s
[1m*** Started working on [4mstripClient[0m[0m
 [1m[92m♻[0m Used cache of [4mstripClient[0m in 0.00s
[1m*** Started working on [4mextractServer[0m[0m
 [1m[92m♻[0m Used cache of [4mextractServer[0m in 0.00s
[1m*** Started working on [4mstripServer[0m[0m
 [1m[92m♻[0m Used cache of [4mstripServer[0m in 0.00s
[1m*** Started working on [4mmerge[0m[0m
 [1m[92m♻[0m Used cache of [4mmerge[0m in 0.00s
[1m*** Started working on [4mrename[0m[0m
 [1m[92m♻[0m Used cache of [4mrename[0m in 0.00s
[1m*** Started working on [4mdecompile[0m[0m
 [1m[92m♻[0m Used cache of [4mdecompile[0m in 0.00s
[1m*** Started working on [4minject[0m[0m
 [1m[92m♻[0m Used cache of [4minject[0m in 0.00s
[1m*** Started working on [4mpatch[0m[0m
 [1m[92m♻[0m Used cache of [4mpatch[0m in 0.00s
[1m*** Started working on [4mapplyNeoforgePatches[0m[0m
 [1m[92m♻[0m Used cache of [4mapplyNeoforgePatches[0m in 0.00s
[1m*** Started working on [4mtransformSources[0m[0m
 [1m[92m♻[0m Used cache of [4mtransformSources[0m in 0.00s
[1m*** Started working on [4mrecompile[0m[0m
 [1m[92m♻[0m Used cache of [4mrecompile[0m in 0.00s
[1m*** Started working on [4msourcesWithNeoForge[0m[0m
 [1m[92m♻[0m Used cache of [4msourcesWithNeoForge[0m in 0.00s
[1m*** Started working on [4mcompiledWithNeoForge[0m[0m
 [1m[92m♻[0m Used cache of [4mcompiledWithNeoForge[0m in 0.00s
[1m*** Started working on [4msourcesAndCompiledWithNeoForge[0m[0m
 [1m[92m♻[0m Used cache of [4msourcesAndCompiledWithNeoForge[0m in 0.00s
Total runtime: 1.21s


> Task :compileJava
Note: /home/runner/work/rubymod-poc/rubymod-poc/src/main/java/com/nodemc/rubymod/Config.java uses or overrides a deprecated API.
Note: Recompile with -Xlint:deprecation for details.

> Task :classes
> Task :compileTestJava NO-SOURCE
> Task :testClasses UP-TO-DATE
> Task :test NO-SOURCE
> Task :check UP-TO-DATE
> Task :jar
> Task :assemble
> Task :build
gradle/actions: Writing build results to /home/runner/work/_temp/.gradle-actions/build-results/build-1788312853587.json

[Incubating] Problems report is available at: file:///home/runner/work/rubymod-poc/rubymod-poc/build/reports/problems/problems-report.html

Deprecated Gradle features were used in this build, making it incompatible with Gradle 9.0.

You can use '--warning-mode all' to show the individual deprecation warnings and determine if they come from your own scripts or plugins.

For more on this, please refer to https://docs.gradle.org/8.14.2/userguide/command_line_interface.html#sec:command_line_warnings in the Gradle documentation.

BUILD SUCCESSFUL in 22s
5 actionable tasks: 5 executed
Configuration cache entry stored.
